w2014-12-01 OK 21752
w2014-11-01 OK 22670
w2015-04-01 OK 30746
w2015-02-01 OK 40335
w2014-07-01 OK 46675
w2014-04-01 OK 55181
w2014-08-01 OK 52715
w2014-09-01 OK 43665
w2015-05-01 OK 40735
w2014-10-01 OK 53423
w2015-07-01 OK 43464
w2015-08-01 OK 36300
curl: (92) HTTP/2 stream 1 was not closed cleanly: INTERNAL_ERROR (err 2)
w2015-06-01 FAILED (curl rc=92)
w2015-09-01 OK 42970
w2015-12-01 OK 55638
w2015-03-01 OK 108292
w2015-10-01 OK 70262
w2016-01-01 OK 71086
w2015-11-01 OK 90571
w2016-04-01 OK 68793
w2016-02-01 OK 74499
w2016-03-01 OK 82293
w2016-11-01 OK 72906
w2016-07-01 OK 103156
w2016-12-01 OK 69052
w2016-05-01 OK 100345
w2016-06-01 OK 126460
w2016-10-01 OK 99936
w2017-01-01 OK 82683
w2016-09-01 OK 107231
w2017-02-01 OK 88808
w2017-09-01 OK 43519
w2017-08-01 OK 58519
w2017-03-01 OK 89438
w2017-04-01 OK 86564
w2017-05-01 OK 94823
w2017-06-01 OK 88396
w2017-07-01 OK 88226
w2016-08-01 FAILED got=155394 want=167301
w2017-10-01 OK 94889
w2018-01-01 OK 111676
w2018-02-01 OK 127154
w2018-05-01 OK 129442
w2018-04-01 OK 140228
w2017-11-01 OK 203814
w2017-12-01 OK 227022
w2018-06-01 OK 182916
w2018-07-01 FAILED got=157558 want=157563
w2018-08-01 OK 167091
w2018-03-01 OK 235076
w2018-10-01 OK 162785
w2018-11-01 OK 167157
w2018-09-01 FAILED got=228590 want=228595
w2018-12-01 FAILED got=226720 want=226725
PRE_DONE
