2026-12-p3 OK 0
2026-12-p2 OK 0
2026-12-p1 OK 0
pre2010 OK 0
2026-11-p3 OK 0
2026-11-p2 OK 0
2026-11-p1 OK 0
2026-10-p3 OK 0
2026-10-p2 OK 0
2026-10-p1 OK 0
2026-09-p3 OK 0
2026-09-p2 OK 0
2026-09-p1 FAILED got=132937 want=169926
2026-08-p1 FAILED got=116836 want=230632
2026-08-p2 OK 145900
2026-08-p3 FAILED got=134821 want=141270
2026-07-p3 OK 116210
2026-07-p2 FAILED got=125041 want=141057
2026-06-p3 FAILED got=125031 want=125730
2026-07-p1 FAILED got=160863 want=168086
curl: (92) HTTP/2 stream 1 was not closed cleanly: INTERNAL_ERROR (err 2)
2026-06-p1 FAILED (curl rc=92)
2026-06-p2 OK 110447
2026-05-p3 FAILED got=126897 want=225575
2026-05-p2 FAILED got=117444 want=149484
2026-04-p3 OK 88474
2026-05-p1 FAILED got=148519 want=170884
2026-04-p2 FAILED got=95000 want=388723
2026-03-p2 OK 56077
2026-04-p1 FAILED got=127691 want=128445
2026-03-p3 FAILED got=144990 want=225189
2026-03-p1 OK 107002
2026-02-p2 OK 75114
2026-02-p3 FAILED got=127855 want=188456
2026-02-p1 OK 70958
2026-01-p2 OK 92415
2026-01-p3 OK 122870
2026-01-p1 FAILED got=129990 want=220124
2025-12-p3 FAILED got=149990 want=282747
skip 2025-11-p2
2025-12-p1 OK 64457
2025-12-p2 OK 117120
2025-11-p1 OK 39592
2025-10-p2 OK 48127
2025-10-p1 OK 82759
2025-11-p3 FAILED got=147273 want=189172
2025-10-p3 FAILED got=125000 want=235740
2025-09-p3 FAILED got=106145 want=277116
2025-09-p1 OK 88460
2025-09-p2 FAILED got=116194 want=121777
2025-08-p2 OK 34282
2025-08-p3 FAILED got=125000 want=246950
2025-07-p2 OK 86265
2025-07-p1 OK 83476
2025-08-p1 FAILED got=147357 want=162042
2025-07-p3 FAILED got=125000 want=198681
2025-06-p2 OK 81193
2025-06-p1 OK 103816
2025-06-p3 FAILED got=140000 want=294004
2025-05-p3 FAILED got=162783 want=187664
2025-05-p2 FAILED got=126030 want=126481
2025-05-p1 FAILED got=115000 want=165754
2025-04-p3 FAILED got=144032 want=212433
2025-04-p2 OK 100152
2025-04-p1 OK 88613
skip 2025-02-p3
2025-03-p2 OK 97863
2025-03-p3 FAILED got=150000 want=164793
2025-02-p2 FAILED got=103720 want=103721
2025-03-p1 FAILED got=143211 want=155975
2025-02-p1 OK 89171
2025-01-p2 OK 80096
2025-01-p3 FAILED got=125000 want=260301
2024-12-p2 OK 63922
skip 2024-11-p3
2025-01-p1 FAILED got=145685 want=151175
2024-12-p3 FAILED got=153369 want=154888
2024-12-p1 FAILED got=125000 want=186654
2024-11-p1 OK 86895
2024-11-p2 OK 101382
2024-10-p3 FAILED got=139990 want=188057
2024-10-p2 FAILED got=131775 want=192548
2024-09-p3 FAILED got=120000 want=145878
2024-10-p1 FAILED got=104926 want=105905
2024-08-p2 OK 55555
skip 2024-08-p1
2024-09-p1 OK 88047
2024-09-p2 FAILED got=117310 want=117311
2024-08-p3 FAILED got=139990 want=209156
2024-07-p2 OK 85428
skip 2024-06-p2
skip 2024-06-p1
2024-07-p1 OK 104252
skip 2024-05-p2
2024-07-p3 FAILED got=144990 want=163748
2024-06-p3 OK 108521
2024-05-p3 FAILED got=145097 want=225946
2024-04-p3 FAILED got=110000 want=201684
2024-05-p1 FAILED got=113046 want=113048
2024-04-p2 OK 88889
2024-03-p2 OK 79299
2024-04-p1 OK 92440
2024-03-p1 OK 85152
skip 2024-02-p1
2024-03-p3 FAILED got=138948 want=172323
2024-02-p2 OK 39229
2024-02-p3 OK 111901
