pre2010        1
2010    79839
2011    78771
2012   157675
2013   234917
2014-01    28127
2014-02    33754
2014-03    27789
2014-04    48169
2014-05    19043
2014-06    28992
2014-07    41528
2014-08    52572
2014-09    17929
2014-10    49538
2014-11    22570
2014-12    21224
2015-01    19738
2015-02    40336
2015-03   106197
2015-04    29865
2015-05    39480
2015-06   143905
2015-07    41416
2015-08    35546
2015-09    42075
2015-10    69317
2015-11    90082
2015-12    52985
2016-01    68604
2016-02    74032
2016-03    80873
2016-04    67696
2016-05    98988
2016-06   124807
2016-07   101072
2016-08   167302
2016-09   105861
2016-10    95317
2016-11    70117
2016-12    65500
2017-01    77630
2017-02    88809
2017-03    86932
2017-04    86377
2017-05    91239
2017-06    84562
2017-07    85438
2017-08    57873
2017-09    13465
2017-10    92819
2017-11   203010
2017-12   224272
2018-01   108173
2018-02   127155
2018-03   227961
2018-04   134707
2018-05   125233
2018-06   179073
2018-07   153879
2018-08   164547
2018-09   226630
