2010-01 OK 0
2010-03 OK 906
2010-04 OK 4136
2010-05 OK 2289
2010-07 OK 2906
2010-08 OK 3036
2010-09 OK 3207
2010-10 OK 3217
2010-11 OK 3557
2010-12 OK 4985
2011-02 OK 4865
2010-02 OK 32641
2011-03 OK 5380
2011-01 OK 12937
2011-05 OK 5770
2011-06 OK 4825
2011-07 OK 4502
2011-04 OK 6808
2011-09 OK 4327
2010-06 OK 14645
2011-10 OK 6401
2011-08 OK 6704
2011-11 OK 8186
2011-12 OK 6161
2012-02 OK 7155
2012-01 OK 10350
2012-03 OK 8642
2012-05 OK 10113
2012-04 OK 14506
2012-07 OK 7443
2012-06 OK 12676
2012-08 OK 4522
2012-09 OK 14239
2012-11 OK 11748
2012-12 OK 13378
2013-02 OK 9354
2013-03 OK 22732
2013-01 OK 16156
2013-04 OK 15185
2013-05 OK 14059
2012-10 OK 35395
2013-06 OK 25724
2013-07 OK 19175
2013-08 OK 14740
2013-09 OK 19215
skip 2014-01
skip 2014-02
skip 2014-03
skip 2014-04
skip 2014-05
skip 2014-06
skip 2014-07
skip 2014-08
skip 2014-09
skip 2014-10
skip 2014-11
skip 2014-12
skip 2015-01
2013-10 OK 13921
skip 2015-03
skip 2015-04
skip 2015-05
skip 2015-06
skip 2015-07
skip 2015-08
skip 2015-09
skip 2015-10
skip 2015-11
skip 2015-12
skip 2016-01
skip 2016-02
skip 2016-03
skip 2016-04
skip 2016-05
skip 2016-06
skip 2016-07
skip 2016-08
skip 2016-09
skip 2016-10
skip 2016-11
skip 2016-12
skip 2017-01
2013-12 OK 9009
skip 2017-03
skip 2017-04
skip 2017-05
skip 2017-06
skip 2017-07
skip 2017-08
skip 2017-09
skip 2017-10
skip 2017-11
skip 2017-12
skip 2018-01
2013-11 OK 30798
skip 2018-03
skip 2018-04
skip 2018-05
skip 2018-06
skip 2018-07
skip 2018-08
skip 2018-09
skip 2018-10
2015-02 OK 40114
2017-02 OK 81778
2018-02 FAILED got=123466 want=123470
2018-12 FAILED got=95000 want=225388
curl: (92) HTTP/2 stream 1 was not closed cleanly: INTERNAL_ERROR (err 2)
2018-11 FAILED (curl rc=92)
2019-01-p2 OK 39051
2019-01-p1 OK 95859
2019-02-p1 OK 44040
2019-01-p3 OK 55475
2019-02-p3 OK 32552
2019-02-p2 OK 61289
2019-03-p1 OK 58725
2019-03-p2 OK 51674
2019-04-p1 OK 52389
2019-03-p3 OK 69032
2019-04-p2 OK 37811
2019-04-p3 OK 30528
2019-05-p2 OK 48135
2019-05-p3 OK 42215
2019-05-p1 OK 70284
2019-06-p1 OK 49931
2019-06-p3 OK 44630
2019-06-p2 OK 59521
skip 2019-08-p1
2019-07-p2 OK 52875
2019-07-p1 OK 69662
2019-08-p2 OK 37375
2019-07-p3 OK 45770
2019-08-p3 OK 56445
2019-09-p1 OK 44829
2019-09-p3 OK 49821
2019-09-p2 OK 54259
2019-10-p2 OK 56691
2019-10-p1 OK 72300
2019-11-p1 OK 71243
skip 2019-12-p1
2019-11-p2 OK 44295
2019-10-p3 OK 90851
2019-11-p3 OK 63113
2019-12-p3 OK 48389
2019-12-p2 OK 57481
2020-01-p3 OK 29568
2020-01-p2 OK 44181
2020-02-p2 OK 53178
2020-01-p1 FAILED got=137364 want=245342
skip 2020-03-p2
2020-02-p1 OK 115342
2020-04-p1 OK 735
2020-02-p3 OK 106547
2020-03-p1 OK 77948
2020-04-p3 OK 54543
2020-03-p3 FAILED got=141268 want=141270
2020-05-p1 OK 77853
2020-05-p2 OK 58585
2020-04-p2 FAILED got=150420 want=168961
skip 2020-06-p3
2020-05-p3 OK 70755
skip 2020-07-p2
2020-06-p2 OK 80149
2020-06-p1 OK 96117
skip 2020-08-p2
2020-07-p1 OK 100062
2020-07-p3 OK 93687
skip 2020-09-p2
skip 2020-09-p3
skip 2020-10-p1
2020-08-p1 OK 69267
2020-08-p3 FAILED got=109868 want=109870
2020-10-p2 OK 49383
2020-09-p1 OK 87831
2020-10-p3 OK 102256
2020-11-p3 OK 60964
2020-11-p1 OK 89442
2020-11-p2 OK 85750
2020-12-p3 OK 10914
2020-12-p2 OK 38621
2020-12-p1 FAILED got=125150 want=125233
2021-01-p2 OK 90478
2021-01-p3 FAILED got=134615 want=137211
2021-01-p1 FAILED got=162410 want=232400
2021-02-p3 OK 3037
2021-02-p1 OK 118441
2021-02-p2 OK 95064
2021-03-p2 FAILED got=116033 want=116036
2021-03-p1 FAILED got=152571 want=168608
2021-03-p3 FAILED got=116371 want=164198
skip 2021-05-p1
skip 2021-05-p2
2021-04-p1 OK 124926
2021-04-p2 OK 85240
2021-04-p3 OK 92435
2021-05-p3 OK 95998
2021-06-p2 OK 105897
2021-06-p1 OK 126997
2021-06-p3 OK 93210
skip 2021-08-p1
2021-07-p1 FAILED got=122213 want=241111
2021-08-p2 OK 54961
2021-07-p3 OK 92771
2021-07-p2 OK 104827
2021-08-p3 FAILED got=135437 want=379671
2021-09-p1 FAILED got=136492 want=211658
2021-09-p3 FAILED got=139038 want=148466
2021-10-p1 FAILED got=125000 want=208647
2021-09-p2 FAILED got=166839 want=194450
2021-10-p2 FAILED got=140000 want=154673
2021-10-p3 FAILED got=145492 want=240002
2021-11-p1 FAILED got=140255 want=140257
2021-11-p2 FAILED got=158717 want=183688
2021-11-p3 FAILED got=139995 want=335800
2021-12-p1 FAILED got=132543 want=250028
2021-12-p2 FAILED got=144245 want=205563
