skip 2011-03
2020-03-p2 OK 2938
2022-06-p1 OK 24206
skip 2011-01
2020-06-p3 OK 46962
2024-11-p3 OK 76790
curl: (92) HTTP/2 stream 1 was not closed cleanly: INTERNAL_ERROR (err 2)
2026-01-p3 FAILED (curl rc=92)
2021-01-p3 FAILED got=127218 want=137211
2025-11-p3 FAILED got=150467 want=189172
skip 2010-05
skip 2015-03
2019-08-p1 OK 95308
2022-04-p3 FAILED got=146920 want=152599
2020-09-p2 OK 77827
2025-11-p2 OK 91551
2022-07-p1 FAILED got=130289 want=182244
2022-03-p3 FAILED got=131738 want=146718
2021-07-p1 FAILED got=141220 want=241111
2026-05-p1 FAILED got=120999 want=170884
2023-09-p3 OK 107718
2019-12-p1 OK 65762
2018-02 FAILED got=123468 want=123470
skip 2015-10
skip 2018-08
2023-02-p2 OK 47714
2025-05-p1 FAILED got=138210 want=165754
2025-01-p3 FAILED got=149990 want=260301
2025-02-p3 OK 79181
skip 2026-03-p1
skip 2013-05
skip 2026-09-p2
skip 2017-12
2022-11-p2 OK 132869
2025-03-p1 FAILED got=105000 want=155975
2023-02-p1 FAILED got=122879 want=139667
skip 2013-10
skip 2010-10
2024-06-p2 OK 107280
2020-09-p3 OK 69013
skip 2018-09
skip 2014-07
2022-10-p3 OK 88023
2020-08-p2 OK 60056
2021-09-p3 FAILED got=138057 want=148466
skip 2019-06-p3
skip 2018-04
2025-12-p3 FAILED got=139990 want=282747
skip 2015-06
skip 2010-09
2023-09-p2 OK 62073
2024-02-p1 OK 90413
skip 2012-11
skip 2016-03
skip 2019-08-p2
2020-07-p2 OK 57214
2022-02-p3 OK 122380
skip 2019-01-p1
skip 2026-10-p2
skip 2019-01-p3
skip 2019-09-p3
2026-04-p2 FAILED got=130193 want=388723
2023-04-p1 OK 97309
skip 2012-04
skip 2026-11-p3
skip 2018-03
2021-05-p1 OK 116550
2023-11-p2 OK 76790
skip 2019-11-p3
2020-10-p1 OK 113391
skip 2010-03
2021-11-p1 FAILED got=133211 want=140257
skip 2016-09
2023-10-p3 FAILED got=169987 want=178069
2023-05-p2 OK 16854
2021-11-p2 FAILED got=160193 want=183688
2022-10-p2 OK 134766
skip 2020-06-p1
skip 2019-04-p1
2020-10-p2 OK 49383
2021-05-p2 OK 102783
skip 2016-04
2023-06-p3 FAILED got=144990 want=294021
2021-01-p1 FAILED got=155973 want=232400
skip 2011-05
2021-10-p2 FAILED got=141777 want=154673
skip 2020-02-p3
2022-09-p1 FAILED got=161773 want=164688
2023-04-p3 OK 43137
2022-12-p3 OK 106124
skip 2014-03
skip 2020-07-p3
2026-08-p3 FAILED got=134806 want=141270
2024-08-p1 OK 83632
2026-09-p1 FAILED got=161114 want=169926
skip 2014-08
skip 2011-11
2022-08-p1 OK 24510
2023-10-p1 OK 109129
skip 2025-07-p2
2025-02-p2 OK 103721
2023-11-p3 FAILED got=114607 want=114612
skip 2019-09-p2
2024-06-p1 OK 105370
skip 2025-12-p2
2025-08-p3 FAILED got=129428 want=246950
skip 2010-11
skip 2016-11
skip 2025-03-p2
skip 2026-08-p2
skip 2016-12
2021-03-p3 FAILED got=125629 want=164198
2022-12-p1 FAILED got=122976 want=145236
skip 2025-08-p2
skip 2016-07
skip 2019-03-p2
2026-06-p1 FAILED got=133693 want=211066
skip 2025-04-p2
2024-05-p2 OK 77640
skip 2013-08
skip 2025-10-p1
2018-11 FAILED got=100389 want=165418
skip 2026-06-p2
2021-08-p1 OK 60168
skip 2014-09
2023-08-p1 OK 97532
skip 2020-04-p3
skip 2017-06
skip 2026-04-p3
2022-07-p2 FAILED got=128432 want=230860
skip 2020-01-p3
skip 2021-04-p3
skip 2019-05-p1
skip 2015-12
2024-09-p2 FAILED got=110430 want=117311
skip 2010-08
2022-05-p3 FAILED got=131231 want=132810
skip 2026-11-p1
2022-11-p3 OK 75842
skip 2014-04
skip 2014-11
2024-06-p3 FAILED got=108517 want=108521
skip 2015-02
skip 2025-07-p1
2021-03-p1 FAILED got=116524 want=168608
2022-04-p2 OK 99364
skip 2019-07-p3
2022-08-p3 FAILED got=136946 want=216903
2024-08-p2 OK 55555
skip 2014-10
skip 2017-08
2020-03-p3 FAILED got=117316 want=141270
skip 2021-02-p2
skip 2024-11-p2
2021-12-p1 FAILED got=145000 want=250028
skip 2026-01-p2
skip 2016-05
skip pre2010
2024-05-p3 FAILED got=140090 want=225946
skip 2019-11-p2
2022-09-p2 OK 115822
skip 2025-01-p2
skip 2019-10-p1
skip 2025-09-p1
skip 2010-06
skip 2019-09-p1
2023-02-p3 OK 129230
skip 2020-12-p2
2023-08-p3 FAILED got=144801 want=162231
2023-03-p3 OK 123322
skip 2026-12-p2
skip 2013-01
skip 2011-10
skip 2016-08
skip 2024-07-p1
skip 2019-05-p3
skip 2019-04-p3
skip 2024-07-p2
skip 2026-09-p3
2022-10-p1 OK 117784
skip 2019-05-p2
skip 2021-06-p2
2022-11-p1 OK 103113
skip 2017-05
skip 2015-05
2021-10-p1 FAILED got=159990 want=208647
2023-06-p1 FAILED got=136667 want=385203
2024-01-p3 FAILED got=125000 want=190343
skip 2021-06-p1
2024-10-p1 OK 105905
skip 2011-07
skip 2010-07
skip 2025-10-p2
skip 2017-10
skip 2026-02-p1
skip 2019-10-p3
skip 2013-03
2020-04-p2 FAILED got=168950 want=168961
skip 2010-01
2022-04-p1 FAILED got=135000 want=275606
skip 2025-06-p1
2025-07-p3 FAILED got=120000 want=198681
skip 2017-04
skip 2012-05
2022-01-p1 FAILED got=117383 want=233614
skip 2019-02-p2
skip 2014-06
skip 2011-06
skip 2026-10-p3
skip 2011-04
skip 2026-12-p1
skip 2020-07-p1
2021-10-p3 FAILED got=169990 want=240002
skip 2012-03
2023-12-p3 FAILED got=151700 want=152122
skip 2018-07
skip 2018-06
skip 2018-05
skip 2019-12-p3
2026-04-p1 FAILED got=127659 want=128445
